eeschema (2013-05-31 BZR 4019)-stable  >> Creation date: 6/18/2013 11:26:05 PM
#Cmp ( order = Reference )
| C1         10n         
| C2         0.1u        
| C3         0.1u        
| C4         2.2n        
| C5         2.2u        
| C9         100n        
| C10        100n        
| C11        1u          
| C12        100n        
| C13        100n        
| C14        1u          
| C15        0.1u        
| C16        100n        
| C17        100n        
| C18        100n        
| C19        100n        
| D1         ORANGE      
| D2         ORANGE      
| D3         ORANGE      
| D4         ORANGE      
| JP1        JUMPER      
| JP2        JUMPER      
| JP3        JUMPER      
| JP4        JUMPER      
| P8         CONN_23X2   
| P9         CONN_23X2   
| R1         10k         
| R4         499k        
| R5         10k         
| R6         330         
| R7         4.75k       
| R8         4.75k       
| R9         4.75k       
| R10        10k         
| R11        820         
| R12        820         
| R13        820         
| R14        820         
| R15        10k         
| R16        10k         
| R17        10k         
| R18        10k         
| R19        4.7k        
| R20        4.7k        
| R21        4.7k        
| R22        4.7k        
| SW1        SW_IT11095S 
| SW2        SW_IT11095S 
| SW3        SW_IT11095S 
| SW4        SW_IT11095S 
| SW5        DIPS_02     
| U1         MPU-9150    
| U2         TMP006      
| U3         BMP-180     
| U4         ISL29023    
| U6         TSOP38238   
| U7         CAT24C256W  
#End Cmp

#Cmp ( order = Value )
| 2.2n         C4        
| 10n          C1        
| 0.1u         C2        
| 0.1u         C3        
| 0.1u         C15       
| 100n         C9        
| 100n         C10       
| 100n         C12       
| 100n         C13       
| 100n         C16       
| 100n         C17       
| 100n         C18       
| 100n         C19       
| 1u           C11       
| 1u           C14       
| 2.2u         C5        
| ORANGE       D1        
| ORANGE       D2        
| ORANGE       D3        
| ORANGE       D4        
| JUMPER       JP1       
| JUMPER       JP2       
| JUMPER       JP3       
| JUMPER       JP4       
| CONN_23X2    P8        
| CONN_23X2    P9        
| 330          R6        
| 820          R11       
| 820          R12       
| 820          R13       
| 820          R14       
| 4.7k         R19       
| 4.7k         R20       
| 4.7k         R21       
| 4.7k         R22       
| 4.75k        R7        
| 4.75k        R8        
| 4.75k        R9        
| 10k          R1        
| 10k          R5        
| 10k          R10       
| 10k          R15       
| 10k          R16       
| 10k          R17       
| 10k          R18       
| 499k         R4        
| SW_IT11095S  SW1       
| SW_IT11095S  SW2       
| SW_IT11095S  SW3       
| SW_IT11095S  SW4       
| DIPS_02      SW5       
| TMP006       U2        
| BMP-180      U3        
| ISL29023     U4        
| TSOP38238    U6        
| CAT24C256W   U7        
| MPU-9150     U1        
#End Cmp

#End List
